Microsoft Windows [Version 10.0.22000.527]
(c) Microsoft Corporation. All rights reserved.

C:\Users\miche>cd C:\Users\miche\Desktop\Coding_Dojo\Assignments\PYTHON\FLASK\fundamentals\hello_flask

C:\Users\miche\Desktop\Coding_Dojo\Assignments\PYTHON\FLASK\fundamentals\hello_flask>pipenv install flask
'pipenv' is not recognized as an internal or external command,
operable program or batch file.

C:\Users\miche\Desktop\Coding_Dojo\Assignments\PYTHON\FLASK\fundamentals\hello_flask>python -m pipenv <command to use>
The syntax of the command is incorrect.

C:\Users\miche\Desktop\Coding_Dojo\Assignments\PYTHON\FLASK\fundamentals\hello_flask>python -m pipenv install flask
Creating a virtualenv for this project...
Pipfile: C:\Users\miche\Desktop\Coding_Dojo\Assignments\PYTHON\FLASK\fundamentals\hello_flask\Pipfile
Using C:/Users/miche/AppData/Local/Programs/Python/Python310/python.exe (3.10.2) to create virtualenv...
[ ===] Creating virtual environment...created virtual environment CPython3.10.2.final.0-64 in 3545ms
  creator CPython3Windows(dest=C:\Users\miche\.virtualenvs\hello_flask-xo0AJI6_, clear=False, no_vcs_ignore=False, global=False)
  seeder FromAppData(download=False, pip=bundle, setuptools=bundle, wheel=bundle, via=copy, app_data_dir=C:\Users\miche\AppData\Local\Packages\PythonSoftwareFoundation.Python.3.10_qbz5n2kfra8p0\LocalCache\Local\pypa\virtualenv)
    added seed packages: pip==22.0.4, setuptools==60.9.3, wheel==0.37.1
  activators BashActivator,BatchActivator,FishActivator,NushellActivator,PowerShellActivator,PythonActivator

Successfully created virtual environment!
Virtualenv location: C:\Users\miche\.virtualenvs\hello_flask-xo0AJI6_
Creating a Pipfile for this project...
Installing flask...
Adding flask to Pipfile's [packages]...
Installation Succeeded
Pipfile.lock not found, creating...
Locking [dev-packages] dependencies...
Locking [packages] dependencies...
Building requirements...
Resolving dependencies...
Success!
Updated Pipfile.lock (81f117)!
Installing dependencies from Pipfile.lock (81f117)...
  ================================ 0/0 - 00:00:00
To activate this project's virtualenv, run pipenv shell.
Alternatively, run a command inside the virtualenv with pipenv run.

C:\Users\miche\Desktop\Coding_Dojo\Assignments\PYTHON\FLASK\fundamentals\hello_flask>pipenv shell
'pipenv' is not recognized as an internal or external command,
operable program or batch file.

C:\Users\miche\Desktop\Coding_Dojo\Assignments\PYTHON\FLASK\fundamentals\hello_flask>pip list
Package          Version
---------------- ---------
autopep8         1.6.0
certifi          2021.10.8
distlib          0.3.4
filelock         3.6.0
pip              22.0.4
pipenv           2022.1.8
platformdirs     2.5.1
pycodestyle      2.8.0
six              1.16.0
toml             0.10.2
virtualenv       20.13.3
virtualenv-clone 0.5.7

C:\Users\miche\Desktop\Coding_Dojo\Assignments\PYTHON\FLASK\fundamentals\hello_flask>code .

C:\Users\miche\Desktop\Coding_Dojo\Assignments\PYTHON\FLASK\fundamentals\hello_flask>python -m pip list
Package          Version
---------------- ---------
autopep8         1.6.0
certifi          2021.10.8
distlib          0.3.4
filelock         3.6.0
pip              22.0.4
pipenv           2022.1.8
platformdirs     2.5.1
pycodestyle      2.8.0
six              1.16.0
toml             0.10.2
virtualenv       20.13.3
virtualenv-clone 0.5.7

C:\Users\miche\Desktop\Coding_Dojo\Assignments\PYTHON\FLASK\fundamentals\hello_flask>python -m pipenv shell
Launching subshell in virtual environment...
Microsoft Windows [Version 10.0.22000.527]
(c) Microsoft Corporation. All rights reserved.

(hello_flask-xo0AJI6_) C:\Users\miche\Desktop\Coding_Dojo\Assignments\PYTHON\FLASK\fundamentals\hello_flask>pip list
Package      Version
------------ -------
click        8.0.4
colorama     0.4.4
Flask        2.0.3
itsdangerous 2.1.1
Jinja2       3.0.3
MarkupSafe   2.1.0
pip          22.0.4
setuptools   60.9.3
Werkzeug     2.0.3
wheel        0.37.1

(hello_flask-xo0AJI6_) C:\Users\miche\Desktop\Coding_Dojo\Assignments\PYTHON\FLASK\fundamentals\hello_flask>^C^